#-----------------------------------------------------------
# Webtalk v2017.4 (64-bit)
# SW Build 2086221 on Fri Dec 15 20:55:39 MST 2017
# IP Build 2085800 on Fri Dec 15 22:25:07 MST 2017
# Start of session at: Fri Jan 25 15:26:01 2019
# Process ID: 7100
# Current directory: C:/Users/a/Desktop/Vivado_Project_chh/Project/2019-01-23/StopWatch/StopWatch.sim/sim_1/behav/xsim
# Command line: wbtcv.exe -mode batch -source C:/Users/a/Desktop/Vivado_Project_chh/Project/2019-01-23/StopWatch/StopWatch.sim/sim_1/behav/xsim/xsim.dir/seven_display_tb_top_behav/webtalk/xsim_webtalk.tcl -notrace
# Log file: C:/Users/a/Desktop/Vivado_Project_chh/Project/2019-01-23/StopWatch/StopWatch.sim/sim_1/behav/xsim/webtalk.log
# Journal file: C:/Users/a/Desktop/Vivado_Project_chh/Project/2019-01-23/StopWatch/StopWatch.sim/sim_1/behav/xsim\webtalk.jou
#-----------------------------------------------------------
source C:/Users/a/Desktop/Vivado_Project_chh/Project/2019-01-23/StopWatch/StopWatch.sim/sim_1/behav/xsim/xsim.dir/seven_display_tb_top_behav/webtalk/xsim_webtalk.tcl -notrace
